// Jest Snapshot v1, https://goo.gl/fbAQLP

exports[`Footer should render 1`] = `
<div>
  <footer
    class="sc-AxjAm gWcbgK"
  >
    Â©2023 Developed by John Doe, v1.0.0
  </footer>
</div>
`;
