// Jest Snapshot v1, https://goo.gl/fbAQLP

exports[`Layout should render 1`] = `
<div>
  <header
    style="background: rebeccapurple; margin-bottom: 1.45rem;"
  >
    <div
      style="margin: 0px auto; max-width: 960px; padding: 1.45rem 1.0875rem;"
    >
      <h1
        style="margin: 0px;"
      >
        <a
          href="/"
          style="color: white; text-decoration: none;"
        >
          OpenWeatherMap
        </a>
      </h1>
    </div>
  </header>
  <div
    class="MuiContainer-root MuiContainer-fixed MuiContainer-maxWidthLg"
  >
    <main>
      Content
    </main>
  </div>
  <footer
    class="sc-AxjAm gWcbgK"
  >
    Â©2023 Developed by undefined, undefined
  </footer>
</div>
`;
